// Jest Snapshot v1, https://goo.gl/fbAQLP

exports[`<UserDetail /> should render 1`] = `
<div>
  <Flex
    alignContent="stretch"
    alignItems="stretch"
    direction="row"
    justifyContent="space-between"
    wrap="nowrap"
  >
    <Flex
      alignContent="stretch"
      alignItems="center"
      direction="row"
      justifyContent="flex-start"
      wrap="nowrap"
    >
      <Identicon
        hash="foo"
        size={64}
      />
      <FlexItem
        alignSelf={null}
        basis="auto"
        grow={0}
        pad={10}
        shrink={1}
      >
        <h5>
          <strong>
            foo
          </strong>
        </h5>
      </FlexItem>
      <FlexItem
        alignSelf={null}
        basis="auto"
        grow={0}
        pad={10}
        shrink={1}
      >
        <Icon
          bsStyle="primary"
          faStyle="fas"
          fixedWidth={false}
          name="user-shield"
          pullRight={false}
        />
      </FlexItem>
    </Flex>
    <Flex
      alignContent="stretch"
      alignItems="center"
      direction="row"
      justifyContent="flex-start"
      wrap="nowrap"
    >
      <FlexItem
        alignSelf={null}
        basis="auto"
        grow={0}
        shrink={1}
      >
        <Link
          to="/administration/users"
        >
          Back To List
        </Link>
      </FlexItem>
    </Flex>
  </Flex>
  <div
    style={
      Object {
        "marginTop": "20px",
      }
    }
  >
    <Connect(Password) />
    <GroupPrimaryPermissions />
  </div>
</div>
`;
