// Jest Snapshot v1, https://goo.gl/fbAQLP

exports[`<Password /> renders correctly 1`] = `
<div>
  <label>
    Change Password
  </label>
  <Panel>
    <PanelBody
      bsClass="panel"
      collapsible={false}
    >
      <p>
        <em>
          Last changed 
          <RelativeTime
            em={true}
            time="2018-02-14T17:12:00.000000Z"
          />
        </em>
      </p>
      <form
        onSubmit={[Function]}
      >
        <Row
          bsClass="row"
          componentClass="div"
        >
          <Col
            bsClass="col"
            componentClass="div"
            md={6}
            xs={12}
          >
            <InputError
              error={null}
              name="password"
              onChange={[Function]}
              placeholder="New Password"
              type="password"
              value=""
            />
          </Col>
          <Col
            bsClass="col"
            componentClass="div"
            md={6}
            xs={12}
          >
            <InputError
              error={null}
              name="confirm"
              onChange={[Function]}
              placeholder="Confirm Password"
              type="password"
              value=""
            />
          </Col>
        </Row>
        <Row
          bsClass="row"
          componentClass="div"
        >
          <Col
            bsClass="col"
            componentClass="div"
            md={6}
            xs={12}
          >
            <Checkbox
              checked={false}
              label="Force user to reset password on next login"
              onClick={[Function]}
              partial={false}
              pullRight={false}
            />
          </Col>
          <Col
            bsClass="col"
            componentClass="div"
            lgHidden={true}
            mdHidden={true}
            xs={12}
          >
            <div
              style={
                Object {
                  "height": "15px",
                }
              }
            />
          </Col>
          <Col
            bsClass="col"
            componentClass="div"
            md={6}
            xs={12}
          >
            <ButtonToolbar>
              <Button
                bsStyle="default"
                onClick={[Function]}
                pullRight={false}
                tipPlacement="top"
                type="button"
              >
                Clear
              </Button>
              <SaveButton />
            </ButtonToolbar>
          </Col>
          <Col
            bsClass="col"
            className="hidden"
            componentClass="div"
            xs={12}
          >
            <h5
              className="text-danger"
            >
              Passwords do not match
            </h5>
          </Col>
        </Row>
      </form>
    </PanelBody>
  </Panel>
</div>
`;
